group_order 54 structure (C3 x C3) : C6
number_of_conjugacy_classes 10
{'size': 1, 'order': 1, 'cycle_type': (1, 1, 1, 1, 1, 1, 1, 1, 1), 'rep': (1, 2, 3, 4, 5, 6, 7, 8, 9), 'chiV': 9, 'chiSym4': 495, 'chiI4': 36, 'chiA4': 459}
{'size': 6, 'order': 3, 'cycle_type': (3, 3, 1, 1, 1), 'rep': (1, 2, 3, 5, 6, 4, 9, 7, 8), 'chiV': 3, 'chiSym4': 21, 'chiI4': 3, 'chiA4': 18}
{'size': 9, 'order': 2, 'cycle_type': (2, 2, 2, 1, 1, 1), 'rep': (1, 3, 2, 4, 6, 5, 7, 9, 8), 'chiV': 3, 'chiSym4': 39, 'chiI4': 6, 'chiA4': 33}
{'size': 2, 'order': 3, 'cycle_type': (3, 3, 3), 'rep': (2, 3, 1, 5, 6, 4, 8, 9, 7), 'chiV': 0, 'chiSym4': 0, 'chiI4': 0, 'chiA4': 0}
{'size': 3, 'order': 3, 'cycle_type': (3, 3, 3), 'rep': (4, 5, 6, 7, 8, 9, 1, 2, 3), 'chiV': 0, 'chiSym4': 0, 'chiI4': 0, 'chiA4': 0}
{'size': 6, 'order': 3, 'cycle_type': (3, 3, 3), 'rep': (4, 5, 6, 8, 9, 7, 3, 1, 2), 'chiV': 0, 'chiSym4': 0, 'chiI4': 0, 'chiA4': 0}
{'size': 9, 'order': 6, 'cycle_type': (6, 3), 'rep': (4, 6, 5, 7, 9, 8, 1, 3, 2), 'chiV': 0, 'chiSym4': 0, 'chiI4': 0, 'chiA4': 0}
{'size': 3, 'order': 3, 'cycle_type': (3, 3, 3), 'rep': (7, 8, 9, 1, 2, 3, 4, 5, 6), 'chiV': 0, 'chiSym4': 0, 'chiI4': 0, 'chiA4': 0}
{'size': 6, 'order': 3, 'cycle_type': (3, 3, 3), 'rep': (7, 8, 9, 2, 3, 1, 6, 4, 5), 'chiV': 0, 'chiSym4': 0, 'chiI4': 0, 'chiA4': 0}
{'size': 9, 'order': 6, 'cycle_type': (6, 3), 'rep': (7, 9, 8, 1, 3, 2, 4, 6, 5), 'chiV': 0, 'chiSym4': 0, 'chiI4': 0, 'chiA4': 0}
invariant_dims: V* 1 Sym4 18 I4 2 A4 16
dim_Hom_H(I4,A4) 345
irreducible_degrees [1, 1, 1, 1, 1, 1, 2, 2, 2, 6]
decomposition chiV ['1', '0', '0', '0', '1', '1', '0', '0', '0', '1']
decomposition chiSym4 ['18', '5', '5', '5', '18', '18', '16', '16', '16', '55']
decomposition chiI4 ['2', '0', '0', '0', '2', '2', '1', '1', '1', '4']
decomposition chiA4 ['16', '5', '5', '5', '16', '16', '15', '15', '15', '51']
generator_orbit_sizes [9, 27]
CHARACTERS_DONE
